[2016/index.html]
[2016/en-us/index.html]
[2016/static/images/favicon_pyconTW_32x32.png]
[2016/static/images/PyConTW2016_facebook_shareImage.png]
[2016/static/CACHE/css/21d1c305ea3a.css]
[font-awesome/4.4.0/css/font-awesome.min.css]
[2016/static/images/logo-tiny--reverse@2x.png]
[2016/static/images/LogoIcon_white@2x.png]
[2016/static/images/logo.png]
[2016/static/images/call_icon.png]
[2016/en-us/about/pycontw/index.html]
[2016/static/images/python_icon.png]
[2016/en-us/about/code-of-conduct/index.html]
[2016/static/images/sponsors/gliacloud.png]
[2016/en-us/about/staff/index.html]
[2016/en-us/events/keynotes/index.html]
[2016/en-us/events/overview/index.html]
[2016/en-us/events/schedule/index.html]
[2016/static/images/sponsors/IIS_logo.png]
[2016/en-us/events/talks/index.html]
[2016/en-us/events/sprints/index.html]
[2016/en-us/events/bof/index.html]
[2016/static/images/sponsors/openculture.png]
[2016/en-us/events/tutorials/index.html]
[2016/en-us/events/pyday/index.html]
[2016/static/images/sponsors/KKBOX_logo_20130820@h300px.png]
[2016/en-us/venue/accommodation/index.html]
[2016/en-us/venue/index.html]
[2016/static/images/sponsors/esunbank_logo.png]
[2016/en-us/registration/ticket-info/index.html]
[2016/en-us/sponsors/index.html]
[2016/static/images/sponsors/TM_logo.png]
[2016/en-us/registration/financial-aid/index.html]
[2016/static/images/sponsors/akatsuki.png]
[2016/static/images/sponsors/Appier_logo_blue@h300px.png]
[2016/static/images/sponsors/carouselllogo_2015@h300px.png]
[2016/static/images/sponsors/gandi.png]
[2016/static/images/sponsors/microsoft.png]
[2016/static/images/sponsors/mysql_logo.png]
[2016/static/images/sponsors/Ruckus_Hrzntl_SBW.png]
[2016/static/images/sponsors/sudo_400-160_cs@h300px.png]
[2016/static/images/sponsors/Lilee-ColorLogo-v1.png]
[2016/static/images/sponsors/ibmpos_blurgb.jpg]
[2016/static/images/sponsors/transtep_logo.png]
[2016/static/images/sponsors/WolfTea@h300px.png]
[2016/static/images/sponsors/Eldarion_Logo.png]
[2016/static/images/Logo_pycontw16_blue_footer@2x.png]
[2016/en-us/index.html]
[2016/static/CACHE/js/6c8feda299eb.js]
[2016/static/fonts/bootstrap/glyphicons-halflings-regular.eot]
[2016/static/fonts/bootstrap/glyphicons-halflings-regulard41d.eot]
[2016/static/fonts/bootstrap/glyphicons-halflings-regular.woff2]
[2016/static/fonts/bootstrap/glyphicons-halflings-regular.woff]
[2016/static/fonts/bootstrap/glyphicons-halflings-regular.ttf]
[2016/static/fonts/bootstrap/glyphicons-halflings-regular.svg]
[2016/static/images/Logo_pycontw16_blue_footer8a89.png]
[2016/static/images/bg_registration8a89.png]
[2016/static/images/bg_section-intro8a89.svg]
[2016/static/images/bg_section-sponsorship8a89.svg]
[2016/static/CACHE/css/21d1c305ea3a.css]
[2016/static/images/bg_section-conf8a89.svg]
[css7dfd.css]
[earlyaccess/notosanstc.css]
[font-awesome/4.4.0/css/font-awesome.min.css]
[2016/en-us/about/pycontw/index.html]
[2016/en-us/about/code-of-conduct/index.html]
[2016/en-us/about/staff/index.html]
[2016/en-us/events/overview/index.html]
[2016/en-us/events/schedule/index.html]
[2016/static/CACHE/js/da4a6457495b.js]
[2016/en-us/events/talk/70169571679535177/index.html]
[2016/en-us/events/talk/58488304638623773/index.html]
[2016/en-us/events/talk/69099923227803701/index.html]
[2016/static/images/og_keynote.png]
[2016/static/images/keynotes/amber_brown.jpg]
[2016/en-us/events/talk/69827266518974528/index.html]
[2016/static/images/keynotes/audrey_tang.jpg]
[2016/static/images/keynotes/jim_huang.jpg]
[2016/en-us/events/talk/56770512839245841/index.html]
[2016/static/images/keynotes/paul_hildebrandt.jpg]
[2016/en-us/events/talk/68823578639859763/index.html]
[2016/static/images/keynotes/steve_dower.jpg]
[2016/en-us/events/keynotes/index.html]
[2016/en-us/events/talk/67738180727603248/index.html]
[2016/en-us/events/talks/index.html]
[2016/en-us/events/talk/69477625352945724/index.html]
[2016/en-us/events/talk/27419967834030082/index.html]
[2016/en-us/events/talk/68743273514008626/index.html]
[2016/en-us/events/talk/58487583520325660/index.html]
[2016/en-us/events/talk/58446570282024986/index.html]
[2016/static/images/og_sprint.35.delayed]
[2016/en-us/events/sprints/index.html]
[2016/en-us/events/talk/56868979343360019/index.html]
[2016/en-us/events/talk/35734163478806534/index.html]
[2016/en-us/events/talk/59143618476113957/index.html]
[2016/en-us/events/talk/39346130420498441/index.html]
[2016/en-us/events/talk/sponsored/ipython-jupyter-for-quantitative-finance-analysis/index.html]
[2016/en-us/events/talk/sponsored/2b-or-not-2b-blockchain-and-big-data/index.html]
[2016/static/images/bof/bof_1.jpg]
[2016/en-us/events/talk/69186595164520503/index.html]
[2016/en-us/events/talk/70089712156541000/index.html]
[2016/en-us/events/talk/39018216764211208/index.html]
[2016/static/images/bof/bof_2.jpg]
[2016/en-us/events/bof/index.html]
[2016/en-us/events/pyday/index.html]
[2016/en-us/events/talk/69843418095812674/index.html]
[2016/en-us/events/tutorials/index.html]
[2016/en-us/events/talk/sponsored/kyper-cloud-daas/index.html]
[2016/en-us/events/talk/56874546946375700/index.html]
[2016/en-us/events/talk/66630011804713004/index.html]
[2016/en-us/events/talk/69307878699171897/index.html]
[2016/static/css/vendors/openlayers.css]
[2016/en-us/events/talk/56754637675429904/index.html]
[2016/en-us/events/talk/62015679733170217/index.html]
[2016/en-us/events/talk/53334812580118541/index.html]
[2016/en-us/events/talk/69113918303240246/index.html]
[2016/static/images/logo_blue_huge.png]
[2016/en-us/venue/index.html]
[2016/static/CACHE/js/40df83310361.js]
[2016/en-us/venue/accommodation/index.html]
[2016/en-us/events/talk/67002934621110318/index.html]
[2016/en-us/events/talk/sponsored/電子支付第三方支付法律議題/index.html]
[2016/en-us/events/talk/27429730160476163/index.html]
[2016/en-us/events/talk/69195601836769336/index.html]
[2016/en-us/events/talk/57694625669840919/index.html]
[2016/media/sponsors/gliacloud/gliacloud.png]
[2016/en-us/events/talk/42830763023925258/index.html]
[2016/en-us/events/talk/58550195947831327/index.html]
[2016/media/sponsors/中央研究院資訊科學研究所/IIS_logo.png]
[2016/en-us/events/talk/69816515947397183/index.html]
[2016/media/sponsors/開放文化基金會/openculture.png]
[2016/en-us/events/talk/27349121996161025/index.html]
[2016/en-us/events/talk/58534680193925150/index.html]
[2016/media/sponsors/kkbox/KKBOX_logo_20130820h300px.png]
[2016/media/sponsors/trendmicro-趨勢科技/TM_logo.png]
[2016/en-us/events/talk/70022152522301510/index.html]
[2016/media/sponsors/玉山銀行/esunbank_logo.png]
[2016/en-us/events/talk/52458110886871052/index.html]
[2016/media/sponsors/akatsuki-曉數碼/akatsuki.png]
[2016/media/sponsors/appier/Appier_logo_blueh300px.png]
[2016/media/sponsors/carousell/carouselllogo_2015.png]
[2016/en-us/events/talk/69816036404232254/index.html]
[2016/media/sponsors/gandi/Gandi_logo_black.jpg]
[2016/media/sponsors/mysql/mysql_logo.png]
[2016/media/sponsors/microsoft-taiwan/microsoft.png]
[2016/media/sponsors/ruckus-wireless/Ruckus_Hrzntl_SBW.png]
[2016/media/sponsors/sudo-速度資訊/sudo_400-160_csh300px.png]
[2016/media/sponsors/ibm/ibmpos_blurgb.jpg]
[2016/en-us/events/talk/68637427517882417/index.html]
[2016/media/sponsors/lilee-system-理立系統/Lilee-ColorLogo-v1_h6skI1a.png]
[2016/media/sponsors/transtep-technology-inc/transtep_logo_FR538xp.png]
[2016/media/sponsors/eldarion-inc/Eldarion_Logo.png]
[2016/en-us/sponsors/index.html]
[2016/en-us/registration/ticket-info/index.html]
[2016/en-us/registration/financial-aid/index.html]
[2016/en-us/dashboard/index.html]
[2016/media/sponsors/琅茶/WolfTeah300px.png]
[2016/static/CACHE/js/6c8feda299eb.js]
[analytics.js]
[2016/static/fonts/bootstrap/glyphicons-halflings-regular.html]
[2016/static/fonts/bootstrap/glyphicons-halflings-regulard41d.html]
[2016/static/fonts/bootstrap/glyphicons-halflings-regular-2.html]
[2016/static/fonts/bootstrap/glyphicons-halflings-regular-3.html]
[2016/static/fonts/bootstrap/glyphicons-halflings-regular-4.html]
[2016/static/fonts/bootstrap/glyphicons-halflings-regular-5.html]
[2016/static/images/bg_section-intro8a89.svg]
[2016/static/images/bg_section-sponsorship8a89.svg]
[2016/static/images/bg_section-conf8a89.svg]
[2016/en-us/accounts/login/index9896.html]
[2016/en-us/Popover requires tooltip.js/index.html]
[2016/media/avatars/70125851395489883/2016-03-08-2016-02-08_14.46.23.jpg]
[2016/en-us/events/talk/70169571679535177/index.html]
[2016/en-us/events/talk/58488304638623773/index.html]
[2016/static/js/vendors/simplemde.js]
[2016/static/js/tools/simplemde-setup.js]
[2016/en-us/events/talk/69099923227803701/index.html]
[2016/media/avatars/67695695758360646/2016-03-05-Yth_avatar.jpg]
[2016/en-us/events/talk/69827266518974528/index.html]
[2016/media/avatars/27419685658034181/2016-03-08-IMG_3917_Fotor.jpg]
[2016/en-us/events/talk/68823578639859763/index.html]
[2016/en-us/events/talk/56770512839245841/index.html]
[2016/media/avatars/68818188866945098/2016-04-24-Wei_8001.jpg]
[2016/en-us/events/talk/67738180727603248/index.html]
[2016/media/avatars/67617346293858373/2016-03-05-PlayerExpo.jpg]
[2016/media/avatars/69475951498494033/2016-04-27-2016-03-13-12188266_929663007122083_1533788310_n.jpg]
[2016/en-us/events/talk/69477625352945724/index.html]
[2016/media/avatars/27418905081282564/2016-02-02-me_201512.jpg]
[2016/en-us/events/talk/27419967834030082/index.html]
[2016/en-us/events/talk/68743273514008626/index.html]
[2016/en-us/events/talk/58487583520325660/index.html]
[2016/media/avatars/58428409247694894/2016-02-21-DSC_2220_square.png]
[2016/en-us/events/talk/58446570282024986/index.html]
[2016/en-us/events/talk/59143618476113957/index.html]
[2016/media/avatars/44529161410183195/2016-02-19-avatar.png]
[2016/en-us/events/talk/56868979343360019/index.html]
[2016/en-us/events/talk/35734163478806534/index.html]
[2016/en-us/events/talk/39346130420498441/index.html]
[2016/en-us/events/talk/sponsored/ipython-jupyter-for-quantitative-finance-analysis/index.html]
[2016/media/avatars/107127740347449489/2016-04-28-me2.png]
[2016/media/avatars/70065333955723353/2016-03-08-大頭照.png]
[2016/en-us/events/talk/70089712156541000/index.html]
[2016/media/avatars/38958271209406483/2016-04-28-柯維然800.jpg]
[2016/en-us/events/talk/39018216764211208/index.html]
[2016/en-us/events/talk/sponsored/2b-or-not-2b-blockchain-and-big-data/index.html]
[2016/en-us/events/talk/69186595164520503/index.html]
[2016/en-us/events/talk/69843418095812674/index.html]
[2016/en-us/events/talk/sponsored/kyper-cloud-daas/index.html]
[2016/media/avatars/56857638910033959/2016-02-19-headshot1_800x802.jpg]
[2016/en-us/events/talk/56874546946375700/index.html]
[2016/media/avatars/66611363853631555/2016-03-03-kilik.resized.jpg]
[2016/en-us/events/talk/66630011804713004/index.html]
[2016/en-us/events/talk/69307878699171897/index.html]
[2016/en-us/events/talk/62015679733170217/index.html]
[2016/media/avatars/27439618869690374/2016-01-09-adrian.jpg]
[2016/en-us/events/talk/56754637675429904/index.html]
[2016/en-us/events/talk/53334812580118541/index.html]
[2016/en-us/events/talk/69113918303240246/index.html]
[2016/media/avatars/69111594423943244/2016-03-07-12804842_10207048194456369_5503140317455766295_n.jpg]
[2016/media/avatars/66919643066925124/2016-05-28-DSC00089_2.jpg]
[2016/en-us/events/talk/67002934621110318/index.html]
[2016/media/avatars/95131853119291514/2016-05-11-Jamie_3-1比1.jpg]
[2016/en-us/events/talk/sponsored/電子支付第三方支付法律議題/index.html]
[2016/en-us/events/talk/27429730160476163/index.html]
[2016/en-us/events/talk/69195601836769336/index.html]
[2016/media/avatars/27417695334957059/2016-01-09-101011_LOGO_large.png]
[2016/en-us/events/talk/58550195947831327/index.html]
[2016/en-us/events/talk/69816515947397183/index.html]
[2016/media/avatars/58548954157023280/2016-02-21-oblique.jpg]
[2016/media/avatars/57676649830809642/2016-02-21-DSC01878.png]
[2016/en-us/events/talk/57694625669840919/index.html]
[2016/media/avatars/42502198403268633/2016-05-03-eric.png]
[2016/en-us/events/talk/42830763023925258/index.html]
[2016/media/avatars/27348573775462401/2016-04-16-andy.jpg]
[2016/en-us/events/talk/27349121996161025/index.html]
[2016/media/avatars/51020003641655326/2016-02-11-head.jpg]
[2016/en-us/events/talk/58534680193925150/index.html]
[2016/en-us/events/talk/52458110886871052/index.html]
[2016/en-us/events/talk/70022152522301510/index.html]
[2016/en-us/events/talk/69816036404232254/index.html]
[2016/media/avatars/69809186258550867/2016-03-08-f04c33816f3571d5decdca2563ea3a64_1.jpg]
[2016/en-us/events/talk/68637427517882417/index.html]
[2016/media/avatars/68617794534506567/2016-03-06-dogbert_by_katium-800x800.png]
[2016/en-us/events/schedule/Popover requires tooltip.js/index.html]
[2016/en-us/events/schedule/destroy.dot/index.html]
[2016/static/CACHE/js/da4a6457495b.js]
[2016/static/images/og_sprint.html]
[2016/static/css/vendors/openlayers.css]
[2016/en-us/events/schedule/isTruncated.dot/index.html]
[2016/en-us/events/schedule/originalContent.dot/index.html]
[gml/srs/epsg.73.delayed]
[2016/en-us/events/schedule/update.dot/index.html]
[2016/en-us/venue/Popover requires tooltip.js/index.html]
[2016/en-us/events/schedule/resize.dot/index.html]
[2016/en-us/venue/GET/index.html]
[2016/static/CACHE/js/40df83310361.js]
[2016/en-us/venue/lib/vectortile.js/index.html]
[2016/en-us/venue/lib/vectortilefeature.js/index.html]
[2016/en-us/venue/lib/vectortilelayer.js/index.html]
[2016/en-us/venue/vectortilefeature.js/index.html]
[2016/en-us/venue/POST/index.html]
[2016/en-us/venue/ol.source.XYZ/index.html]
[2016/static/images/logo_registration.png]
[2016/en-us/accounts/login/index9896.html]
[2016/en-us/Popover requires tooltip.js/index.html]
[2016/en-us/accounts/password-reset/index.html]
[2016/en-us/accounts/signup/index.html]
[2016/en-us/events/talk/70169571679535177/GET/index.html]
[2016/en-us/events/talk/70169571679535177/codemirror/addon/edit/continuelist.js/index.html]
[2016/en-us/events/talk/70169571679535177/codemirror/addon/display/fullscreen.js/index.html]
[2016/en-us/events/talk/70169571679535177/codemirror/addon/mode/overlay.js/index.html]
[2016/en-us/events/talk/70169571679535177/codemirror/mode/gfm/gfm.js/index.html]
[2016/en-us/events/talk/70169571679535177/codemirror/mode/markdown/markdown.js/index.html]
[2016/en-us/events/talk/70169571679535177/codemirror/mode/xml/xml.js/index.html]
[2016/static/js/vendors/simplemde.js]
[2016/static/js/tools/simplemde-setup.js]
[2016/en-us/events/schedule/Popover requires tooltip.js/index.html]
[2016/en-us/events/schedule/destroy.dot/index.html]
[2016/en-us/events/schedule/update.dot/index.html]
[2016/en-us/events/schedule/isTruncated.dot/index.html]
[2016/en-us/events/schedule/originalContent.dot/index.html]
[2016/en-us/events/schedule/resize.dot/index.html]
[2016/en-us/venue/Popover requires tooltip.js/index.html]
[gml/srs/epsg.html]
[2016/en-us/venue/GET/index.html]
[2016/en-us/venue/lib/vectortile.js/index.html]
[2016/en-us/venue/lib/vectortilefeature.js/index.html]
[2016/en-us/venue/lib/vectortilelayer.js/index.html]
[2016/en-us/venue/vectortilefeature.js/index.html]
[2016/en-us/venue/POST/index.html]
[2016/en-us/venue/ol.source.XYZ/index.html]
[2016/en-us/accounts/password-reset/index.html]
[2016/en-us/accounts/signup/index.html]
[2016/en-us/events/talk/70169571679535177/GET/index.html]
[2016/en-us/events/talk/70169571679535177/codemirror/addon/edit/continuelist.js/index.html]
[2016/en-us/events/talk/70169571679535177/codemirror/addon/display/fullscreen.js/index.html]
[2016/en-us/events/talk/70169571679535177/codemirror/mode/markdown/markdown.js/index.html]
[2016/en-us/events/talk/70169571679535177/codemirror/addon/mode/overlay.js/index.html]
[2016/en-us/events/talk/70169571679535177/codemirror/mode/gfm/gfm.js/index.html]
[2016/en-us/events/talk/70169571679535177/codemirror/mode/xml/xml.js/index.html]
[font-awesome/latest/css/font-awesome.min.css]
[font-awesome/latest/css/font-awesome.min.css]
[2016/en-us/accounts/login/index.html]
[2016/en-us/accounts/login/index.html]
