[backblue.gif]
[fade.gif]
[index.html]
[tw.pycon.org/2016/index.html]
[tw.pycon.org/2016/en-us/index.html]
[tw.pycon.org/2016/static/images/favicon_pyconTW_32x32.png]
[tw.pycon.org/2016/static/images/PyConTW2016_facebook_shareImage.png]
[tw.pycon.org/2016/static/CACHE/css/21d1c305ea3a.css]
[tw.pycon.org/2016/static/images/logo-tiny--reverse@2x.png]
[tw.pycon.org/2016/static/images/LogoIcon_white@2x.png]
[tw.pycon.org/2016/static/images/logo.png]
[tw.pycon.org/2016/static/images/call_icon.png]
[tw.pycon.org/2016/static/images/python_icon.png]
[tw.pycon.org/2016/static/images/sponsors/gliacloud.png]
[tw.pycon.org/2016/static/images/sponsors/IIS_logo.png]
[tw.pycon.org/2016/static/images/sponsors/openculture.png]
[tw.pycon.org/2016/static/images/sponsors/KKBOX_logo_20130820@h300px.png]
[tw.pycon.org/2016/static/images/sponsors/esunbank_logo.png]
[tw.pycon.org/2016/static/images/sponsors/TM_logo.png]
[tw.pycon.org/2016/static/images/sponsors/akatsuki.png]
[tw.pycon.org/2016/static/images/sponsors/Appier_logo_blue@h300px.png]
[tw.pycon.org/2016/static/images/sponsors/carouselllogo_2015@h300px.png]
[tw.pycon.org/2016/static/images/sponsors/gandi.png]
[tw.pycon.org/2016/static/images/sponsors/microsoft.png]
[tw.pycon.org/2016/static/images/sponsors/mysql_logo.png]
[tw.pycon.org/2016/en-us/about/pycontw/index.html]
[tw.pycon.org/2016/static/images/sponsors/Ruckus_Hrzntl_SBW.png]
[tw.pycon.org/2016/static/images/sponsors/sudo_400-160_cs@h300px.png]
[tw.pycon.org/2016/static/images/sponsors/Lilee-ColorLogo-v1.png]
[tw.pycon.org/2016/en-us/about/code-of-conduct/index.html]
[tw.pycon.org/2016/static/images/sponsors/ibmpos_blurgb.jpg]
[tw.pycon.org/2016/en-us/about/staff/index.html]
[tw.pycon.org/2016/static/images/sponsors/transtep_logo.png]
[tw.pycon.org/2016/static/images/sponsors/WolfTea@h300px.png]
[tw.pycon.org/2016/en-us/events/keynotes/index.html]
[tw.pycon.org/2016/static/images/sponsors/Eldarion_Logo.png]
[tw.pycon.org/2016/static/images/Logo_pycontw16_blue_footer@2x.png]
[tw.pycon.org/2016/en-us/events/schedule/index.html]
[tw.pycon.org/2016/en-us/events/overview/index.html]
[tw.pycon.org/2016/en-us/events/talks/index.html]
[tw.pycon.org/2016/en-us/index.html]
[tw.pycon.org/2016/static/CACHE/js/6c8feda299eb.js]
[tw.pycon.org/2016/static/fonts/bootstrap/glyphicons-halflings-regular.eot]
[tw.pycon.org/2016/static/fonts/bootstrap/glyphicons-halflings-regulard41d.eot]
[tw.pycon.org/2016/en-us/events/sprints/index.html]
[tw.pycon.org/2016/en-us/events/bof/index.html]
[tw.pycon.org/2016/en-us/events/pyday/index.html]
[tw.pycon.org/2016/static/fonts/bootstrap/glyphicons-halflings-regular.woff2]
[tw.pycon.org/2016/static/fonts/bootstrap/glyphicons-halflings-regular.woff]
[tw.pycon.org/2016/static/fonts/bootstrap/glyphicons-halflings-regular.ttf]
[tw.pycon.org/2016/static/fonts/bootstrap/glyphicons-halflings-regular.svg]
[tw.pycon.org/2016/static/images/Logo_pycontw16_blue_footer8a89.png]
[tw.pycon.org/2016/static/images/bg_registration8a89.png]
[tw.pycon.org/2016/static/images/bg_section-intro8a89.svg]
[tw.pycon.org/2016/static/images/bg_section-sponsorship8a89.svg]
[tw.pycon.org/2016/static/CACHE/css/21d1c305ea3a.css]
[tw.pycon.org/2016/en-us/about/pycontw/index.html]
[tw.pycon.org/2016/en-us/about/code-of-conduct/index.html]
[tw.pycon.org/2016/static/images/bg_section-conf8a89.svg]
[tw.pycon.org/2016/en-us/about/staff/index.html]
[tw.pycon.org/2016/en-us/venue/index.html]
[tw.pycon.org/2016/en-us/venue/accommodation/index.html]
[tw.pycon.org/2016/en-us/events/tutorials/index.html]
[tw.pycon.org/2016/en-us/events/overview/index.html]
[tw.pycon.org/2016/en-us/sponsors/index.html]
[tw.pycon.org/2016/en-us/registration/financial-aid/index.html]
[tw.pycon.org/2016/en-us/registration/ticket-info/index.html]
[tw.pycon.org/2016/en-us/events/talk/70169571679535177/index.html]
[tw.pycon.org/2016/en-us/events/talk/58488304638623773/index.html]
[tw.pycon.org/2016/en-us/events/talk/69099923227803701/index.html]
[tw.pycon.org/2016/en-us/events/schedule/index.html]
[tw.pycon.org/2016/static/CACHE/js/da4a6457495b.js]
[tw.pycon.org/2016/en-us/events/talk/69827266518974528/index.html]
[tw.pycon.org/2016/en-us/events/talk/68823578639859763/index.html]
[tw.pycon.org/2016/en-us/events/talk/56770512839245841/index.html]
[tw.pycon.org/2016/static/images/og_keynote.png]
[tw.pycon.org/2016/static/images/keynotes/amber_brown.jpg]
[tw.pycon.org/2016/static/images/keynotes/audrey_tang.jpg]
[tw.pycon.org/2016/en-us/events/talk/67738180727603248/index.html]
[tw.pycon.org/2016/static/images/keynotes/jim_huang.jpg]
[tw.pycon.org/2016/en-us/events/talk/69477625352945724/index.html]
[tw.pycon.org/2016/en-us/events/talk/27419967834030082/index.html]
[tw.pycon.org/2016/en-us/events/talk/68743273514008626/index.html]
[tw.pycon.org/2016/static/images/keynotes/paul_hildebrandt.jpg]
[tw.pycon.org/2016/en-us/events/keynotes/index.html]
[tw.pycon.org/2016/static/images/keynotes/steve_dower.jpg]
[tw.pycon.org/2016/en-us/events/talks/index.html]
[tw.pycon.org/2016/en-us/events/talk/58446570282024986/index.html]
[tw.pycon.org/2016/en-us/events/talk/58487583520325660/index.html]
[tw.pycon.org/2016/en-us/events/talk/59143618476113957/index.html]
[tw.pycon.org/2016/static/images/og_sprint.png]
[tw.pycon.org/2016/en-us/events/sprints/index.html]
[tw.pycon.org/2016/en-us/events/talk/56868979343360019/index.html]
[tw.pycon.org/2016/static/images/bof/bof_1.jpg]
[tw.pycon.org/2016/en-us/events/talk/35734163478806534/index.html]
[tw.pycon.org/2016/en-us/events/talk/39346130420498441/index.html]
[tw.pycon.org/2016/en-us/events/bof/index.html]
[tw.pycon.org/2016/static/images/bof/bof_2.jpg]
[tw.pycon.org/2016/en-us/events/pyday/index.html]
[tw.pycon.org/2016/en-us/events/tutorials/index.html]
[tw.pycon.org/2016/en-us/events/talk/sponsored/ipython-jupyter-for-quantitative-finance-analysis/index.html]
[tw.pycon.org/2016/en-us/events/talk/70089712156541000/index.html]
[tw.pycon.org/2016/en-us/events/talk/39018216764211208/index.html]
[tw.pycon.org/2016/en-us/events/talk/sponsored/2b-or-not-2b-blockchain-and-big-data/index.html]
[tw.pycon.org/2016/static/css/vendors/openlayers.css]
[tw.pycon.org/2016/en-us/events/talk/69186595164520503/index.html]
[tw.pycon.org/2016/en-us/events/talk/69843418095812674/index.html]
[tw.pycon.org/2016/en-us/events/talk/sponsored/kyper-cloud-daas/index.html]
[tw.pycon.org/2016/en-us/venue/index.html]
[tw.pycon.org/2016/static/images/logo_blue_huge.png]
[tw.pycon.org/2016/static/CACHE/js/40df83310361.js]
[tw.pycon.org/2016/en-us/venue/accommodation/index.html]
[tw.pycon.org/2016/en-us/events/talk/56874546946375700/index.html]
[tw.pycon.org/2016/en-us/events/talk/66630011804713004/index.html]
[tw.pycon.org/2016/en-us/events/talk/69307878699171897/index.html]
[tw.pycon.org/2016/en-us/events/talk/62015679733170217/index.html]
[tw.pycon.org/2016/media/sponsors/gliacloud/gliacloud.png]
[tw.pycon.org/2016/media/sponsors/中央研究院資訊科學研究所/IIS_logo.png]
[tw.pycon.org/2016/media/sponsors/開放文化基金會/openculture.png]
[tw.pycon.org/2016/en-us/events/talk/56754637675429904/index.html]
[tw.pycon.org/2016/en-us/events/talk/53334812580118541/index.html]
[tw.pycon.org/2016/media/sponsors/kkbox/KKBOX_logo_20130820h300px.png]
[tw.pycon.org/2016/en-us/events/talk/69113918303240246/index.html]
[tw.pycon.org/2016/media/sponsors/trendmicro-趨勢科技/TM_logo.png]
[tw.pycon.org/2016/media/sponsors/玉山銀行/esunbank_logo.png]
[tw.pycon.org/2016/media/sponsors/akatsuki-曉數碼/akatsuki.png]
[tw.pycon.org/2016/media/sponsors/appier/Appier_logo_blueh300px.png]
[tw.pycon.org/2016/media/sponsors/carousell/carouselllogo_2015.png]
[tw.pycon.org/2016/media/sponsors/gandi/Gandi_logo_black.jpg]
[tw.pycon.org/2016/media/sponsors/mysql/mysql_logo.png]
[tw.pycon.org/2016/media/sponsors/microsoft-taiwan/microsoft.png]
[tw.pycon.org/2016/media/sponsors/ruckus-wireless/Ruckus_Hrzntl_SBW.png]
[tw.pycon.org/2016/media/sponsors/sudo-速度資訊/sudo_400-160_csh300px.png]
[tw.pycon.org/2016/media/sponsors/ibm/ibmpos_blurgb.jpg]
[tw.pycon.org/2016/media/sponsors/lilee-system-理立系統/Lilee-ColorLogo-v1_h6skI1a.png]
[tw.pycon.org/2016/media/sponsors/transtep-technology-inc/transtep_logo_FR538xp.png]
[tw.pycon.org/2016/en-us/events/talk/67002934621110318/index.html]
[tw.pycon.org/2016/media/sponsors/eldarion-inc/Eldarion_Logo.png]
[tw.pycon.org/2016/en-us/events/talk/sponsored/電子支付第三方支付法律議題/index.html]
[tw.pycon.org/2016/media/sponsors/琅茶/WolfTeah300px.png]
[tw.pycon.org/2016/en-us/sponsors/index.html]
[tw.pycon.org/2016/en-us/registration/ticket-info/index.html]
[tw.pycon.org/2016/en-us/events/talk/27429730160476163/index.html]
[tw.pycon.org/2016/en-us/registration/financial-aid/index.html]
[tw.pycon.org/2016/en-us/events/talk/69195601836769336/index.html]
[tw.pycon.org/2016/en-us/dashboard/index.html]
[tw.pycon.org/2016/en-us/events/talk/58550195947831327/index.html]
[tw.pycon.org/2016/en-us/events/talk/69816515947397183/index.html]
[tw.pycon.org/2016/en-us/events/talk/57694625669840919/index.html]
[tw.pycon.org/2016/static/CACHE/js/6c8feda299eb.js]
[tw.pycon.org/2016/en-us/events/talk/58534680193925150/index.html]
[tw.pycon.org/2016/en-us/events/talk/42830763023925258/index.html]
[tw.pycon.org/2016/static/fonts/bootstrap/glyphicons-halflings-regular.html]
[tw.pycon.org/2016/en-us/events/talk/27349121996161025/index.html]
[tw.pycon.org/2016/static/fonts/bootstrap/glyphicons-halflings-regulard41d.html]
[tw.pycon.org/2016/en-us/events/talk/52458110886871052/index.html]
[tw.pycon.org/2016/static/fonts/bootstrap/glyphicons-halflings-regular-2.html]
[tw.pycon.org/2016/en-us/events/talk/69816036404232254/index.html]
[tw.pycon.org/2016/static/fonts/bootstrap/glyphicons-halflings-regular-3.html]
[tw.pycon.org/2016/en-us/events/talk/70022152522301510/index.html]
[tw.pycon.org/2016/static/fonts/bootstrap/glyphicons-halflings-regular-4.html]
[tw.pycon.org/2013/zh/blog/2013/03/05/everybody-pays-zh/index.html]
[tw.pycon.org/2016/static/fonts/bootstrap/glyphicons-halflings-regular-5.html]
[tw.pycon.org/2016/static/images/bg_section-intro8a89.svg]
[tw.pycon.org/2016/static/images/bg_section-sponsorship8a89.svg]
[tw.pycon.org/2016/static/images/bg_section-conf8a89.svg]
[tw.pycon.org/2016/en-us/events/talk/68637427517882417/index.html]
[tw.pycon.org/2016/en-us/Popover requires tooltip.js/index.html]
[tw.pycon.org/2016/en-us/accounts/login/index9896.html]
[tw.pycon.org/2016/media/avatars/70125851395489883/2016-03-08-2016-02-08_14.46.23.jpg]
[tw.pycon.org/2016/en-us/events/talk/70169571679535177/index.html]
[tw.pycon.org/2016/en-us/events/talk/58488304638623773/index.html]
[tw.pycon.org/2016/media/avatars/67695695758360646/2016-03-05-Yth_avatar.jpg]
[tw.pycon.org/2016/en-us/events/talk/69099923227803701/index.html]
[tw.pycon.org/2016/static/js/tools/simplemde-setup.js]
[tw.pycon.org/2016/static/js/vendors/simplemde.js]
[tw.pycon.org/2016/media/avatars/27419685658034181/2016-03-08-IMG_3917_Fotor.jpg]
[tw.pycon.org/2016/en-us/events/talk/69827266518974528/index.html]
[tw.pycon.org/2016/media/avatars/68818188866945098/2016-04-24-Wei_8001.jpg]
[tw.pycon.org/2016/en-us/events/talk/68823578639859763/index.html]
[tw.pycon.org/2016/en-us/events/talk/56770512839245841/index.html]
[tw.pycon.org/2016/media/avatars/67617346293858373/2016-03-05-PlayerExpo.jpg]
[tw.pycon.org/2016/en-us/events/talk/67738180727603248/index.html]
[tw.pycon.org/2016/media/avatars/69475951498494033/2016-04-27-2016-03-13-12188266_929663007122083_1533788310_n.jpg]
[tw.pycon.org/2016/en-us/events/talk/69477625352945724/index.html]
[tw.pycon.org/2016/media/avatars/27418905081282564/2016-02-02-me_201512.jpg]
[tw.pycon.org/2016/en-us/events/talk/27419967834030082/index.html]
[tw.pycon.org/2016/en-us/events/talk/68743273514008626/index.html]
[tw.pycon.org/2016/en-us/events/talk/58487583520325660/index.html]
[tw.pycon.org/2016/en-us/events/talk/58446570282024986/index.html]
[tw.pycon.org/2016/en-us/events/talk/59143618476113957/index.html]
[tw.pycon.org/2016/media/avatars/58428409247694894/2016-02-21-DSC_2220_square.png]
[tw.pycon.org/2016/media/avatars/44529161410183195/2016-02-19-avatar.png]
[tw.pycon.org/2016/en-us/events/talk/56868979343360019/index.html]
[tw.pycon.org/2016/en-us/events/talk/35734163478806534/index.html]
[tw.pycon.org/2016/en-us/events/talk/39346130420498441/index.html]
[tw.pycon.org/2016/en-us/events/talk/sponsored/ipython-jupyter-for-quantitative-finance-analysis/index.html]
[tw.pycon.org/2016/media/avatars/107127740347449489/2016-04-28-me2.png]
[tw.pycon.org/2016/media/avatars/70065333955723353/2016-03-08-大頭照.png]
[tw.pycon.org/2016/en-us/events/talk/70089712156541000/index.html]
[tw.pycon.org/2016/media/avatars/38958271209406483/2016-04-28-柯維然800.jpg]
[tw.pycon.org/2016/en-us/events/talk/39018216764211208/index.html]
[tw.pycon.org/2016/en-us/events/talk/sponsored/2b-or-not-2b-blockchain-and-big-data/index.html]
[tw.pycon.org/2016/en-us/events/talk/69186595164520503/index.html]
[tw.pycon.org/2016/en-us/events/talk/69843418095812674/index.html]
[tw.pycon.org/2016/en-us/events/talk/sponsored/kyper-cloud-daas/index.html]
[tw.pycon.org/2016/media/avatars/56857638910033959/2016-02-19-headshot1_800x802.jpg]
[tw.pycon.org/2016/en-us/events/talk/56874546946375700/index.html]
[tw.pycon.org/2016/media/avatars/66611363853631555/2016-03-03-kilik.resized.jpg]
[tw.pycon.org/2016/en-us/events/talk/66630011804713004/index.html]
[tw.pycon.org/2016/en-us/events/talk/69307878699171897/index.html]
[tw.pycon.org/2016/en-us/events/talk/62015679733170217/index.html]
[tw.pycon.org/2016/en-us/events/talk/56754637675429904/index.html]
[tw.pycon.org/2016/en-us/events/talk/53334812580118541/index.html]
[tw.pycon.org/2016/media/avatars/27439618869690374/2016-01-09-adrian.jpg]
[tw.pycon.org/2016/en-us/events/talk/69113918303240246/index.html]
[tw.pycon.org/2016/media/avatars/69111594423943244/2016-03-07-12804842_10207048194456369_5503140317455766295_n.jpg]
[tw.pycon.org/2016/media/avatars/66919643066925124/2016-05-28-DSC00089_2.jpg]
[tw.pycon.org/2016/en-us/events/talk/67002934621110318/index.html]
[tw.pycon.org/2016/en-us/events/talk/sponsored/電子支付第三方支付法律議題/index.html]
[tw.pycon.org/2016/media/avatars/95131853119291514/2016-05-11-Jamie_3-1比1.jpg]
[tw.pycon.org/2016/en-us/events/talk/27429730160476163/index.html]
[tw.pycon.org/2016/en-us/events/talk/69195601836769336/index.html]
[tw.pycon.org/2016/media/avatars/27417695334957059/2016-01-09-101011_LOGO_large.png]
[tw.pycon.org/2016/en-us/events/talk/58550195947831327/index.html]
[tw.pycon.org/2016/en-us/events/talk/69816515947397183/index.html]
[tw.pycon.org/2016/media/avatars/58548954157023280/2016-02-21-oblique.jpg]
[tw.pycon.org/2016/en-us/events/talk/57694625669840919/index.html]
[tw.pycon.org/2016/media/avatars/57676649830809642/2016-02-21-DSC01878.png]
[tw.pycon.org/2016/en-us/events/talk/42830763023925258/index.html]
[tw.pycon.org/2016/media/avatars/42502198403268633/2016-05-03-eric.png]
[tw.pycon.org/2016/en-us/events/talk/27349121996161025/index.html]
[tw.pycon.org/2016/media/avatars/27348573775462401/2016-04-16-andy.jpg]
[tw.pycon.org/2016/en-us/events/talk/58534680193925150/index.html]
[tw.pycon.org/2016/en-us/events/talk/52458110886871052/index.html]
[tw.pycon.org/2016/en-us/events/talk/70022152522301510/index.html]
[tw.pycon.org/2016/media/avatars/51020003641655326/2016-02-11-head.jpg]
[tw.pycon.org/2016/en-us/events/talk/69816036404232254/index.html]
[tw.pycon.org/2016/media/avatars/69809186258550867/2016-03-08-f04c33816f3571d5decdca2563ea3a64_1.jpg]
[tw.pycon.org/2016/media/avatars/68617794534506567/2016-03-06-dogbert_by_katium-800x800.png]
[tw.pycon.org/2016/en-us/events/talk/68637427517882417/index.html]
[tw.pycon.org/2016/en-us/events/schedule/Popover requires tooltip.js/index.html]
[tw.pycon.org/2016/en-us/events/schedule/destroy.dot/index.html]
[tw.pycon.org/2016/en-us/events/schedule/update.dot/index.html]
[tw.pycon.org/2016/en-us/events/schedule/isTruncated.dot/index.html]
[tw.pycon.org/2016/static/CACHE/js/da4a6457495b.js]
[tw.pycon.org/2016/static/images/og_sprint.html]
[tw.pycon.org/2013/site_media/static/css/font-awesome.min.css]
[tw.pycon.org/2016/en-us/events/schedule/resize.dot/index.html]
[tw.pycon.org/2016/en-us/events/schedule/originalContent.dot/index.html]
[tw.pycon.org/2013/site_media/static/img/favicon.ico]
[tw.pycon.org/2013/site_media/static/css/facebox.css]
[tw.pycon.org/2013/site_media/static/markitup/skins/simple/style.css]
[tw.pycon.org/2013/site_media/static/markitup/sets/markdown-custom/style.css]
[tw.pycon.org/2013/site_media/static/css/bootstrap.min.css]
[tw.pycon.org/2013/site_media/static/css/bootstrap-responsive.css]
[tw.pycon.org/2013/site_media/static/css/custom.css]
[tw.pycon.org/2013/site_media/static/img/pycontw2013-site-logo.png]
[tw.pycon.org/2013/site_media/static/js/jquery.eqheight.js]
[tw.pycon.org/2013/zh/feed/general/index.html]
[tw.pycon.org/2013/site_media/static/js/base.js]
[tw.pycon.org/2013/site_media/static/js/bootstrap.js]
[tw.pycon.org/2013/site_media/static/markitup/jquery.markitup.js]
[tw.pycon.org/2013/site_media/static/markitup/sets/markdown-custom/set.js]
[tw.pycon.org/2013/site_media/static/js/facebox.js]
[tw.pycon.org/site_media/static/img/loading.gif]
[tw.pycon.org/site_media/static/img/closelabel.png]
[tw.pycon.org/2013/zh/blog/2013/03/05/everybody-pays-zh/index.html]
[tw.pycon.org/2016/static/css/vendors/openlayers.css]
[tw.pycon.org/2013/zh/index.html]
[tw.pycon.org/2013/zh/about/index.html]
[tw.pycon.org/2016/static/CACHE/js/40df83310361.js]
[tw.pycon.org/2016/static/images/logo_registration.png]
[tw.pycon.org/2016/en-us/accounts/login/index9896.html]
[tw.pycon.org/2016/en-us/Popover requires tooltip.js/index.html]
[tw.pycon.org/2013/zh/tutorial/index.html]
[tw.pycon.org/2013/zh/program/index.html]
[tw.pycon.org/2013/zh/sponsors/index.html]
[tw.pycon.org/2013/zh/speaker/index.html]
[tw.pycon.org/2013/zh/registration/index.html]
[tw.pycon.org/2013/zh/venue/index.html]
[tw.pycon.org/2013/zh/blog/index.html]
[tw.pycon.org/2013/zh/account/login/index.html]
[tw.pycon.org/2013/zh/account/signup/index.html]
[tw.pycon.org/2016/static/js/vendors/simplemde.js]
[tw.pycon.org/2016/static/js/tools/simplemde-setup.js]
[tw.pycon.org/2016/en-us/events/schedule/Popover requires tooltip.js/index.html]
[tw.pycon.org/2016/en-us/events/schedule/destroy.dot/index.html]
[tw.pycon.org/2016/en-us/venue/Popover requires tooltip.js/index.html]
[tw.pycon.org/2016/en-us/events/schedule/update.dot/index.html]
[tw.pycon.org/2016/en-us/venue/lib/vectortile.js/index.html]
[tw.pycon.org/2016/en-us/venue/GET/index.html]
[tw.pycon.org/2016/en-us/events/schedule/isTruncated.dot/index.html]
[tw.pycon.org/2016/en-us/venue/lib/vectortilefeature.js/index.html]
[tw.pycon.org/2016/en-us/events/schedule/originalContent.dot/index.html]
[tw.pycon.org/2016/en-us/venue/lib/vectortilelayer.js/index.html]
[tw.pycon.org/2016/en-us/events/schedule/resize.dot/index.html]
[tw.pycon.org/2016/en-us/venue/vectortilefeature.js/index.html]
[tw.pycon.org/2016/en-us/venue/POST/index.html]
[tw.pycon.org/2016/en-us/venue/ol.source.XYZ/index.html]
[tw.pycon.org/2016/en-us/accounts/password-reset/index.html]
[tw.pycon.org/2016/en-us/events/talk/70169571679535177/codemirror/addon/edit/continuelist.js/index.html]
[tw.pycon.org/2016/en-us/events/talk/70169571679535177/codemirror/addon/display/fullscreen.js/index.html]
[tw.pycon.org/2013/site_media/static/fonts/fontawesome-webfont3294.eot]
[tw.pycon.org/2016/en-us/events/talk/70169571679535177/GET/index.html]
[tw.pycon.org/2013/site_media/static/fonts/fontawesome-webfontd41d.eot]
[tw.pycon.org/2016/en-us/accounts/signup/index.html]
[tw.pycon.org/2013/site_media/static/fonts/fontawesome-webfont3294.woff]
[tw.pycon.org/2013/site_media/static/fonts/fontawesome-webfont3294.ttf]
[tw.pycon.org/2013/site_media/static/css/font-awesome.min.css]
[tw.pycon.org/2013/site_media/static/css/facebox.css]
[tw.pycon.org/2013/site_media/static/markitup/skins/simple/images/handle.png]
[tw.pycon.org/2013/site_media/static/markitup/skins/simple/images/menu.png]
[tw.pycon.org/2016/en-us/events/talk/70169571679535177/codemirror/mode/markdown/markdown.js/index.html]
[tw.pycon.org/2016/en-us/events/talk/70169571679535177/codemirror/addon/mode/overlay.js/index.html]
[tw.pycon.org/2013/site_media/static/markitup/skins/simple/style.css]
[tw.pycon.org/2013/site_media/static/markitup/skins/simple/images/submenu.png]
[tw.pycon.org/2013/site_media/static/markitup/sets/markdown-custom/images/h1.png]
[tw.pycon.org/2016/en-us/events/talk/70169571679535177/codemirror/mode/gfm/gfm.js/index.html]
[tw.pycon.org/2013/site_media/static/markitup/sets/markdown-custom/images/h2.png]
[tw.pycon.org/2013/site_media/static/markitup/sets/markdown-custom/images/h3.png]
[tw.pycon.org/2013/site_media/static/markitup/sets/markdown-custom/images/h4.png]
[tw.pycon.org/2013/site_media/static/markitup/sets/markdown-custom/images/h5.png]
[tw.pycon.org/2013/site_media/static/markitup/sets/markdown-custom/images/h6.png]
[tw.pycon.org/2013/site_media/static/markitup/sets/markdown-custom/images/bold.png]
[tw.pycon.org/2016/en-us/events/talk/70169571679535177/codemirror/mode/xml/xml.js/index.html]
[tw.pycon.org/2013/site_media/static/markitup/sets/markdown-custom/images/italic.png]
[tw.pycon.org/2013/site_media/static/markitup/sets/markdown-custom/images/list-bullet.png]
[tw.pycon.org/2013/site_media/static/markitup/sets/markdown-custom/images/list-numeric.png]
[tw.pycon.org/2013/site_media/static/markitup/sets/markdown-custom/images/picture.png]
[tw.pycon.org/2013/site_media/static/markitup/sets/markdown-custom/images/link.png]
[tw.pycon.org/2013/site_media/static/markitup/sets/markdown-custom/images/quotes.png]
[tw.pycon.org/2013/site_media/static/markitup/sets/markdown-custom/images/code.png]
[tw.pycon.org/2013/site_media/static/markitup/sets/markdown-custom/style.css]
[tw.pycon.org/2013/site_media/static/markitup/sets/markdown-custom/images/preview.png]
[tw.pycon.org/2013/site_media/static/img/glyphicons-halflings.png]
[tw.pycon.org/2013/site_media/static/css/bootstrap.min.css]
[tw.pycon.org/2013/site_media/static/css/bootstrap-responsive.css]
[tw.pycon.org/2013/site_media/static/img/glyphicons-halflings-white.png]
[tw.pycon.org/2013/site_media/static/img/bg-repeat.jpg]
[tw.pycon.org/2013/site_media/static/css/custom.css]
[tw.pycon.org/2013/zh/feed/general/index.html]
[tw.pycon.org/2013/site_media/static/img/mkv.jpg]
[tw.pycon.org/2013/site_media/static/img/aboutpycon.jpg]
[tw.pycon.org/2013/site_media/static/img/gallery.jpg]
[tw.pycon.org/2013/site_media/static/img/sponsor_logos/msft.png]
[tw.pycon.org/2013/site_media/static/img/sponsor_logos/wf_s.png]
[tw.pycon.org/2013/site_media/static/img/sponsor_logos/zillians_s.png]
[tw.pycon.org/2013/site_media/static/img/sponsor_logos/nsc_s.png]
[tw.pycon.org/2013/site_media/static/img/sponsor_logos/citi_s.png]
[tw.pycon.org/2013/site_media/static/img/sponsor_logos/ossf.png]
[tw.pycon.org/2013/site_media/static/img/sponsor_logos/storysense_s.png]
[tw.pycon.org/2013/site_media/static/img/sponsor_logos/pinkoi_s.png]
[tw.pycon.org/2013/site_media/static/img/sponsor_logos/wingware_s.png]
[tw.pycon.org/2013/site_media/static/img/sponsor_logos/tagtoo_s.png]
[tw.pycon.org/2013/site_media/static/img/sponsor_logos/acomo.png]
[tw.pycon.org/2013/site_media/static/img/sponsor_logos/lccnet_s.png]
[tw.pycon.org/2013/site_media/static/img/sponsor_logos/sentry_s.png]
[tw.pycon.org/2013/site_media/static/img/sponsor_logos/linksoft_s.png]
[tw.pycon.org/2013/site_media/static/img/sponsor_logos/jira_s.png]
[tw.pycon.org/2013/site_media/static/img/sponsor_logos/catchball21_s.jpg]
[tw.pycon.org/2013/site_media/static/img/sponsor_logos/liverx_s.png]
[tw.pycon.org/2013/site_media/static/img/sponsor_logos/quanta_s.jpg]
[tw.pycon.org/2013/site_media/static/img/sponsor_logos/themanx_s.png]
[tw.pycon.org/2013/site_media/static/img/sponsor_logos/nchc_s.png]
[tw.pycon.org/2013/site_media/static/img/sponsor_logos/yowu-2_s.jpg]
[tw.pycon.org/2013/zh/index.html]
[tw.pycon.org/2013/zh/about/index.html]
[tw.pycon.org/2013/site_media/static/js/jquery.cycle.all.js]
[tw.pycon.org/2013/zh/tutorial/index.html]
[tw.pycon.org/2013/zh/blog/2013/06/24/slides-photos-videos-zh/index.html]
[tw.pycon.org/2013/zh/blog/2013/05/26/pyhug-and-taipeipy-zh/index.html]
[tw.pycon.org/2013/zh/blog/2013/05/16/invitation-bazaar-folks-zh/index.html]
[tw.pycon.org/2013/zh/blog/2013/05/22/reminders-participants-zh/index.html]
[tw.pycon.org/2013/site_media/media/proposal_files/fieliapm-pycontw-2013_4.pdf]
[tw.pycon.org/2013/zh/blog/2013/05/14/allen-downey-pythonic-epistemology-zh/index.html]
[tw.pycon.org/2013/site_media/media/proposal_files/cinder_2013.pdf]
[tw.pycon.org/2013/zh/blog/2013/05/14/jan-decaluwe-keynote-myhdl-zh/index.html]
[tw.pycon.org/2013/zh/blog/2013/05/08/david-cramer-building-scale-zh/index.html]
[tw.pycon.org/2013/zh/blog/2013/04/29/pycon-reception-call-for-performer-zh/index.html]
[tw.pycon.org/2013/site_media/media/proposal_files/PythonPartsData2.odp]
[tw.pycon.org/2013/zh/blog/2013/04/29/david-beazley-making-python-3-zh/index.html]
[tw.pycon.org/2013/site_media/media/proposal_files/PyConTW13_kilik.pptx]
[tw.pycon.org/2013/zh/blog/2013/03/07/keynote-speaker-david-beazley-zh/index.html]
[tw.pycon.org/2013/zh/blog/2013/03/18/keynote-speaker-jan-decaluwe-zh/index.html]
[tw.pycon.org/2013/site_media/media/proposal_files/DagPypeSciPy.in.odp]
[tw.pycon.org/2013/site_media/media/proposal_files/Python_Coding_Style_Guild_-_PyCon_2013_-_19_Langue_Rule___17_Style_Rule.pdf]
[tw.pycon.org/2013/site_media/media/proposal_files/0524_Building_a_fast_digit_recognition_solution_with_Python.pdf]
[tw.pycon.org/2013/site_media/media/proposal_files/Violent_Python.pdf]
[tw.pycon.org/2013/zh/blog/2013/03/08/keynote-speaker-david-cramer-zh/index.html]
[tw.pycon.org/2013/site_media/media/proposal_files/launchpad.odp]
[tw.pycon.org/2013/site_media/media/proposal_files/petneedme_pycon_2013.pdf]
[tw.pycon.org/2013/site_media/media/proposal_files/pyRubiks_2.pdf]
[tw.pycon.org/2013/zh/program/index.html]
[tw.pycon.org/2013/site_media/static/img/sponsor_logos/wf.png]
[tw.pycon.org/2013/site_media/static/img/sponsor_logos/zillians.png]
[tw.pycon.org/2013/site_media/static/img/sponsor_logos/ossf_all.png]
[tw.pycon.org/2013/site_media/static/img/sponsor_logos/storysense.png]
[tw.pycon.org/2013/site_media/static/img/sponsor_logos/pinkoi.png]
[tw.pycon.org/2013/site_media/static/img/sponsor_logos/wingware.png]
[tw.pycon.org/2013/site_media/static/img/sponsor_logos/tagtoo.png]
[tw.pycon.org/2013/site_media/static/img/sponsor_logos/lccnet.png]
[tw.pycon.org/2013/site_media/static/img/sponsor_logos/sentry.png]
[tw.pycon.org/2013/site_media/static/img/sponsor_logos/linksoft.png]
[tw.pycon.org/2013/site_media/static/img/sponsor_logos/jira.png]
[tw.pycon.org/2013/site_media/static/img/sponsor_logos/catchball21.jpg]
[tw.pycon.org/2013/site_media/static/img/sponsor_logos/liverx.png]
[tw.pycon.org/2013/site_media/static/img/sponsor_logos/quanta.jpg]
[tw.pycon.org/2013/site_media/static/img/sponsor_logos/themanx.png]
[tw.pycon.org/2013/site_media/static/img/sponsor_logos/nchc.png]
[tw.pycon.org/2013/zh/sponsors/index.html]
[tw.pycon.org/2013/site_media/static/img/sponsor_logos/yowu-1.jpg]
[tw.pycon.org/2013/site_media/media/cache/7f/d6/7fd649a1a289e711ea2d926725848136.png]
[tw.pycon.org/2013/site_media/media/cache/5a/0a/5a0ade125a64bc410cc3233a9b62aa68.png]
[tw.pycon.org/2013/site_media/media/cache/8e/13/8e13e9854b10acb203653c071f0a9048.png]
[tw.pycon.org/2013/site_media/media/cache/c1/2d/c12d1f4875855dfe9e371c7c075e962f.png]
[tw.pycon.org/2013/site_media/media/cache/66/5c/665c1520d4e6b12a049fb4c64274b467.png]
[tw.pycon.org/2013/site_media/media/cache/88/71/88719268c12243e15e02cd231cba7460.png]
[tw.pycon.org/2013/site_media/media/cache/ea/34/ea343b18973dfe91e4ddfefe519ad4b1.png]
[tw.pycon.org/2013/site_media/media/cache/59/4f/594f25d6c000d0561607ff2b715e53c0.png]
[tw.pycon.org/2013/site_media/media/cache/0d/48/0d4899d2a9eaff96f972ee071db80c9c.png]
[tw.pycon.org/2013/site_media/media/cache/22/68/2268d2cf9fc81edb1b2db042b330e06d.png]
[tw.pycon.org/2013/site_media/media/cache/a0/96/a096c6febb258c9f175cb142257d41a8.png]
[tw.pycon.org/2013/site_media/media/cache/28/6d/286d66e8bd83f49b8583f64dad2be432.png]
[tw.pycon.org/2013/site_media/media/cache/d3/be/d3beaf2dfe6ae26b22460716f1672c10.png]
[tw.pycon.org/2013/site_media/media/cache/8c/85/8c85daf699f7ac86a47583045f09cff1.png]
[tw.pycon.org/2013/site_media/media/cache/da/8d/da8db4c404ee0a56d3101a5e9efe16e8.png]
[tw.pycon.org/2013/site_media/media/cache/07/e5/07e56a85da6125909b686d1dc187b7be.png]
[tw.pycon.org/2013/site_media/media/cache/36/71/36719e0eb5404273e065242d2436df2c.png]
[tw.pycon.org/2013/site_media/media/cache/e9/d3/e9d3d95ecc169d6d9bbfdd3dbcffc6a7.png]
[tw.pycon.org/2013/site_media/media/cache/8e/17/8e17f604337a330a14a2592c3d9b37e1.png]
[tw.pycon.org/2013/site_media/media/cache/fe/0a/fe0af408ea6e0915f47766507ed5a229.png]
[tw.pycon.org/2013/site_media/media/cache/1e/a9/1ea98e96ad687b1fc41a9dd605b5a7fb.png]
[tw.pycon.org/2013/site_media/media/cache/92/84/92840bce166e25d6319fc7786cc3f488.png]
[tw.pycon.org/2013/site_media/media/cache/45/09/450931eef51d0ffe7f84a7bfbbe12826.png]
[tw.pycon.org/2013/site_media/media/cache/7e/57/7e5764ab9a0ca1a2407413cc0228e0d5.png]
[tw.pycon.org/2013/site_media/media/cache/c9/1c/c91cc48261e028184749081037430fd4.png]
[tw.pycon.org/2013/site_media/media/cache/1e/ca/1eca7dac97c6ad99fbb63b11268b1050.png]
[tw.pycon.org/2013/site_media/media/cache/d7/6b/d76b487c07d3ebe5efe5d4e429fcc6ad.png]
[tw.pycon.org/2013/site_media/media/cache/d5/30/d530d03cc207a12ddaba11e4ef7abdbf.png]
[tw.pycon.org/2013/site_media/media/cache/e5/96/e596c78c848236828f64f2720c87804c.png]
[tw.pycon.org/2013/site_media/media/cache/64/76/647692fc0f7ae7acd304c469da39f7e8.png]
[tw.pycon.org/2013/site_media/media/cache/55/c9/55c9675c7b4186761f2049e99dacf75c.png]
[tw.pycon.org/2013/site_media/media/cache/1b/55/1b552d703f58cbc03ae6a8b9102ccc01.png]
[tw.pycon.org/2013/site_media/media/cache/47/67/476781c816585d83fa64337cdf033cef.png]
[tw.pycon.org/2013/zh/speaker/index.html]
[tw.pycon.org/2013/site_media/media/cache/bf/1c/bf1c2f3821900f4ec8e7c1a95e4d474b.png]
[tw.pycon.org/2013/zh/registration/index.html]
[tw.pycon.org/2013/zh/venue/index.html]
[tw.pycon.org/2013/zh/blog/index.html]
[tw.pycon.org/2013/zh/account/login/index.html]
[tw.pycon.org/2013/zh/account/signup/index.html]
[tw.pycon.org/2013/zh/blog/2013/04/25/early-bird-tickets-extension-zh/index.html]
[tw.pycon.org/2013/site_media/static/js/jquery.eqheight.js]
[tw.pycon.org/2013/zh/blog/2013/04/01/panel-guido-larry-yukihiro-zh/index.html]
[tw.pycon.org/2013/site_media/static/js/base.js]
[tw.pycon.org/2013/zh/blog/2013/04/16/pycon-taiwan-2013-registration-surpass-2012/index.html]
[tw.pycon.org/2013/site_media/static/js/bootstrap.js]
[tw.pycon.org/2013/zh/blog/2013/04/09/t-shirt-size/index.html]
[tw.pycon.org/2013/site_media/static/markitup/jquery.markitup.js]
[tw.pycon.org/2013/zh/blog/2013/03/27/pycontw-2013-talks-report-zh/index.html]
[tw.pycon.org/2013/site_media/static/markitup/sets/markdown-custom/set.js]
[tw.pycon.org/2013/zh/blog/2013/03/07/pycontw-2013-1st-survey-report-zh/index.html]
[tw.pycon.org/2013/site_media/static/js/facebox.js]
[tw.pycon.org/2013/zh/blog/2013/03/21/pycontw-2013-cfp-report-zh/index.html]
[tw.pycon.org/site_media/static/img/loading.html]
[tw.pycon.org/2013/zh/blog/2013/01/28/pycontw-buddy-zh/index.html]
[tw.pycon.org/site_media/static/img/closelabel.html]
[tw.pycon.org/2013/zh/blog/2012/11/21/call-for-proposals-zh/index.html]
[tw.pycon.org/2016/en-us/venue/Popover requires tooltip.js/index.html]
[tw.pycon.org/2013/zh/blog/2013/01/21/pycontw-2013survey/index.html]
[tw.pycon.org/2016/en-us/venue/GET/index.html]
[tw.pycon.org/index.html]
[tw.pycon.org/2016/en-us/venue/lib/vectortile.js/index.html]
[tw.pycon.org/2016/en-us/venue/lib/vectortilefeature.js/index.html]
[tw.pycon.org/2016/en-us/venue/lib/vectortilelayer.js/index.html]
[tw.pycon.org/2016/en-us/venue/vectortilefeature.js/index.html]
[tw.pycon.org/2016/en-us/venue/POST/index.html]
[tw.pycon.org/2016/en-us/venue/ol.source.XYZ/index.html]
[tw.pycon.org/2016/en-us/accounts/password-reset/index.html]
[tw.pycon.org/2016/en-us/accounts/signup/index.html]
[tw.pycon.org/2013/zh/blog/2012/12/11/registration-hiring/index.html]
[tw.pycon.org/2016/en-us/events/talk/70169571679535177/GET/index.html]
[tw.pycon.org/2016/en-us/events/talk/70169571679535177/codemirror/addon/edit/continuelist.js/index.html]
[tw.pycon.org/2016/en-us/events/talk/70169571679535177/codemirror/addon/display/fullscreen.js/index.html]
[tw.pycon.org/2016/en-us/events/talk/70169571679535177/codemirror/mode/markdown/markdown.js/index.html]
[tw.pycon.org/2016/en-us/events/talk/70169571679535177/codemirror/addon/mode/overlay.js/index.html]
[tw.pycon.org/2016/en-us/events/talk/70169571679535177/codemirror/mode/gfm/gfm.js/index.html]
[tw.pycon.org/2016/en-us/events/talk/70169571679535177/codemirror/mode/xml/xml.js/index.html]
[tw.pycon.org/2013/venue/index.html]
[tw.pycon.org/2013/zh/blog/2013/06/24/slides-photos-videos-zh/index.html]
[tw.pycon.org/2013/zh/blog/2013/05/26/pyhug-and-taipeipy-zh/index.html]
[tw.pycon.org/2013/zh/blog/2013/05/22/reminders-participants-zh/index.html]
[tw.pycon.org/2013/zh/blog/2012/12/11/sponsor-gp-hiring-zh/index.html]
[tw.pycon.org/2013/zh/blog/2013/05/16/invitation-bazaar-folks-zh/index.html]
[tw.pycon.org/2013/zh/blog/2013/05/14/allen-downey-pythonic-epistemology-zh/index.html]
[tw.pycon.org/2013/zh/blog/2013/05/14/jan-decaluwe-keynote-myhdl-zh/index.html]
[tw.pycon.org/2013/zh/blog/2013/05/08/david-cramer-building-scale-zh/index.html]
[tw.pycon.org/2013/zh/blog/2013/04/29/pycon-reception-call-for-performer-zh/index.html]
[tw.pycon.org/2013/site_media/static/js/jquery.cycle.all.js]
[tw.pycon.org/zh-tw/2013/blog/2012/11/21/call-for-proposals-zh/index.html]
[tw.pycon.org/2013/zh/blog/2013/04/29/david-beazley-making-python-3-zh/index.html]
[tw.pycon.org/2013/zh/blog/2013/03/07/keynote-speaker-david-beazley-zh/index.html]
[tw.pycon.org/2013/zh/blog/2013/03/18/keynote-speaker-jan-decaluwe-zh/index.html]
[tw.pycon.org/2013/zh/blog/2013/05/08/david-cramer-building-scale-en/index.html]
[tw.pycon.org/2013/zh/blog/2013/03/08/keynote-speaker-david-cramer-zh/index.html]
[tw.pycon.org/2013/zh/blog/2012/11/21/how-to-pycon-taiwan-zh/index.html]
[tw.pycon.org/2013/zh/blog/2013/04/09/pycon-taiwan-2013-financial-aid-zh/index.html]
[tw.pycon.org/zh-tw/2013/blog/index.html]
[tw.pycon.org/2013/zh/blog/2013/04/25/early-bird-tickets-extension-zh/index.html]
[tw.pycon.org/2013/zh/blog/2013/04/16/pycon-taiwan-2013-registration-surpass-2012/index.html]
[tw.pycon.org/2013/zh/blog/2013/04/09/t-shirt-size/index.html]
[tw.pycon.org/2013/zh/account/password_reset/index.html]
[tw.pycon.org/2016/en-us/accounts/login/index.html]
[tw.pycon.org/2013/site_media/media/images/2013/04/01/guido-wbc.png]
[tw.pycon.org/2013/zh/blog/2013/04/01/panel-guido-larry-yukihiro-zh/index.html]
[tw.pycon.org/2013/zh/blog/2013/03/27/pycontw-2013-talks-report-zh/index.html]
[tw.pycon.org/2013/zh/blog/2013/03/21/pycontw-2013-cfp-report-zh/index.html]
[tw.pycon.org/2013/zh/blog/2013/03/07/pycontw-2013-1st-survey-report-zh/index.html]
[tw.pycon.org/2013/zh/blog/2013/01/28/pycontw-buddy-zh/index.html]
[tw.pycon.org/2013/zh/blog/2013/01/21/pycontw-2013survey/index.html]
[tw.pycon.org/2013/zh/blog/2012/12/11/registration-hiring/index.html]
[tw.pycon.org/2013/zh/blog/2012/12/11/sponsor-gp-hiring-zh/index.html]
[tw.pycon.org/2013/zh/blog/2012/11/21/call-for-proposals-zh/index.html]
[tw.pycon.org/2013/site_media/media/images/2013/03/21/pygirl-editor3.jpg]
[tw.pycon.org/2013/zh/account/password_reset/index.html]
[tw.pycon.org/2016/en-us/accounts/login/index.html]
[tw.pycon.org/2013/index.html]
[tw.pycon.org/2013/site_media/static/css/accounts.css]
[tw.pycon.org/2013/site_media/static/css/accounts.css]
